**********************
Windows PowerShell transcript start
Start time: 20260924050816
Username: DJ-ANDREY-ISAK\Andrey
RunAs User: DJ-ANDREY-ISAK\Andrey
Configuration Name: 
Machine: DJ-ANDREY-ISAK (Microsoft Windows NT 10.0.19045.0)
Host Application: powershell.exe -NoProfile -ExecutionPolicy Bypass -File C:\54\Projects\!0724 - Coating Robot\SIYI-MK15-Port-Inspector\tools\run_build.ps1
Process ID: 6516
PSVersion: 5.1.19041.4648
PSEdition: Desktop
PSCompatibleVersions: 1.0, 2.0, 3.0, 4.0, 5.0, 5.1.19041.4648
BuildVersion: 10.0.19041.4648
CLRVersion: 4.0.30319.42000
WSManStackVersion: 3.0
PSRemotingProtocolVersion: 2.3
SerializationVersion: 1.1.0.1
**********************
Run directory: C:\54\Projects\!0724 - Coating Robot\SIYI-MK15-Port-Inspector\runs\build_20260924_050816
Console output, build artifacts and a short environment snapshot are preserved even on failure.

=== MK15 Port Inspector: Windows build ===
Project: C:\54\Projects\!0724 - Coating Robot\SIYI-MK15-Port-Inspector
JAVA_HOME=C:\Program Files\OpenLogic\jdk-21.0.4.7-hotspot
openjdk version "21.0.4" 2024-07-16
OpenJDK Runtime Environment OpenLogic-OpenJDK (build 21.0.4+7-adhoc.Administrator.jdk21u)
OpenJDK 64-Bit Server VM OpenLogic-OpenJDK (build 21.0.4+7-adhoc.Administrator.jdk21u, mixed mode, sharing)
ANDROID_SDK_ROOT=C:\54\Dist\Progr\Android_Tools
ANDROID_NDK=C:\54\Dist\Progr\Android_Tools\ndk\28.2.13676358

Running SIYI protocol self-test...
Note: C:\54\Projects\!0724 - Coating Robot\SIYI-MK15-Port-Inspector\app\src\main\java\com\mk15\portinspector\ReportTools.java uses or overrides a deprecated API.
Note: Recompile with -Xlint:deprecation for details.
OK: 0x42 4Hz request = 55 66 01 01 00 00 00 42 02 B5 C0
OK: 0x42 OFF request = 55 66 01 01 00 00 00 42 00 F7 E0
OK: 0x48 mapping request = 55 66 01 00 00 00 00 48 89 1D
OK: type=5 entity_id=0 -> SA
OK: official 0x48 response parsed; CH5 -> SA
OK: real MK15 IUCLC-damaged 0x48 repaired; CH10=C, CH11=D
OK: 0x42 parser decoded 16 channels; CH5=1050
ALL PROTOCOL SELF-TESTS PASSED
ALL PROBE DIFF SELF-TESTS PASSED
ALL REPORT TOOLS SELF-TESTS PASSED
ALL CHANNEL ACTIVITY SELF-TESTS PASSED
Using Gradle from PATH: c:\54\Dist\Progr\Android_Tools\gradle\bin\gradle.bat

Running Android debug build...
To honour the JVM settings for this build a single-use Daemon process will be forked. For more on this, please refer to https://docs.gradle.org/9.4.1/userguide/gradle_daemon.html#sec:disabling_the_daemon in the Gradle doc
umentation.
Daemon will be stopped at the end of the build
Configuration on demand is an incubating feature.
> Task :app:configureNdkBuildDebug[arm64-v8a] FAILED

[Incubating] Problems report is available at: file:///C:/54/Projects/!0724%20-%20Coating%20Robot/SIYI-MK15-Port-Inspector/build/reports/problems/problems-report.html

FAILURE: Build failed with an exception.

* What went wrong:
Execution failed for task ':app:configureNdkBuildDebug[arm64-v8a]'.
> [CXX1429] error when building with ndkBuild using C:\54\Projects\!0724 - Coating Robot\SIYI-MK15-Port-Inspector\app\src\main\jni\Android.mk: Android NDK: Your APP_BUILD_SCRIPT points to an unknown file: C:\54\Projects\!
0724 - Coating Robot\SIYI-MK15-Port-Inspector\app\src\main\jni\Android.mk

  C++ build system [configure] failed while executing:
      @echo off
      "C:\\54\\Dist\\Progr\\Android_Tools\\ndk\\28.2.13676358\\ndk-build.cmd" ^
        "NDK_PROJECT_PATH=null" ^
        "APP_BUILD_SCRIPT=C:\\54\\Projects\\!0724 - Coating Robot\\SIYI-MK15-Port-Inspector\\app\\src\\main\\jni\\Android.mk" ^
        "NDK_APPLICATION_MK=C:\\54\\Projects\\!0724 - Coating Robot\\SIYI-MK15-Port-Inspector\\app\\src\\main\\jni\\Application.mk" ^
        "APP_ABI=arm64-v8a" ^
        "NDK_ALL_ABIS=arm64-v8a" ^
        "NDK_DEBUG=1" ^
        "APP_PLATFORM=android-23" ^
        "NDK_OUT=C:\\54\\Projects\\!0724 - Coating Robot\\SIYI-MK15-Port-Inspector\\app\\build\\intermediates\\cxx\\Debug\\4m5g35e4/obj" ^
        "NDK_LIBS_OUT=C:\\54\\Projects\\!0724 - Coating Robot\\SIYI-MK15-Port-Inspector\\app\\build\\intermediates\\cxx\\Debug\\4m5g35e4/lib" ^
        "APP_SHORT_COMMANDS=false" ^
        "LOCAL_SHORT_COMMANDS=false" ^
        -B ^
        -n
    from C:\54\Projects\!0724 - Coating Robot\SIYI-MK15-Port-Inspector\app
  C:/54/Dist/Progr/Android_Tools/ndk/28.2.13676358/build/../build/core/add-application.mk:88: *** Android NDK: Aborting...    .  Stop. : com.android.ide.common.process.ProcessException: Android NDK: Your APP_BUILD_SCRIPT
points to an unknown file: C:\54\Projects\!0724 - Coating Robot\SIYI-MK15-Port-Inspector\app\src\main\jni\Android.mk

  C++ build system [configure] failed while executing:
      @echo off
      "C:\\54\\Dist\\Progr\\Android_Tools\\ndk\\28.2.13676358\\ndk-build.cmd" ^
        "NDK_PROJECT_PATH=null" ^
        "APP_BUILD_SCRIPT=C:\\54\\Projects\\!0724 - Coating Robot\\SIYI-MK15-Port-Inspector\\app\\src\\main\\jni\\Android.mk" ^
        "NDK_APPLICATION_MK=C:\\54\\Projects\\!0724 - Coating Robot\\SIYI-MK15-Port-Inspector\\app\\src\\main\\jni\\Application.mk" ^
        "APP_ABI=arm64-v8a" ^
        "NDK_ALL_ABIS=arm64-v8a" ^
        "NDK_DEBUG=1" ^
        "APP_PLATFORM=android-23" ^
        "NDK_OUT=C:\\54\\Projects\\!0724 - Coating Robot\\SIYI-MK15-Port-Inspector\\app\\build\\intermediates\\cxx\\Debug\\4m5g35e4/obj" ^
        "NDK_LIBS_OUT=C:\\54\\Projects\\!0724 - Coating Robot\\SIYI-MK15-Port-Inspector\\app\\build\\intermediates\\cxx\\Debug\\4m5g35e4/lib" ^
        "APP_SHORT_COMMANDS=false" ^
        "LOCAL_SHORT_COMMANDS=false" ^
        -B ^
        -n
    from C:\54\Projects\!0724 - Coating Robot\SIYI-MK15-Port-Inspector\app
  C:/54/Dist/Progr/Android_Tools/ndk/28.2.13676358/build/../build/core/add-application.mk:88: *** Android NDK: Aborting...    .  Stop.
        at com.android.build.gradle.internal.cxx.process.ExecuteProcessKt.execute(ExecuteProcess.kt:288)
        at com.android.build.gradle.internal.cxx.process.ExecuteProcessKt$executeProcess$1.invoke(ExecuteProcess.kt:108)
        at com.android.build.gradle.internal.cxx.process.ExecuteProcessKt$executeProcess$1.invoke(ExecuteProcess.kt:106)
        at com.android.build.gradle.internal.cxx.timing.TimingEnvironmentKt.time(TimingEnvironment.kt:32)
        at com.android.build.gradle.internal.cxx.process.ExecuteProcessKt.executeProcess(ExecuteProcess.kt:106)
        at com.android.build.gradle.internal.cxx.process.ExecuteProcessKt.executeProcess$default(ExecuteProcess.kt:85)
        at com.android.build.gradle.tasks.NdkBuildExternalNativeJsonGenerator.executeProcess(NdkBuildExternalNativeJsonGenerator.kt:73)
        at com.android.build.gradle.tasks.ExternalNativeJsonGenerator$configureOneAbi$1$1$3.invoke(ExternalNativeJsonGenerator.kt:247)
        at com.android.build.gradle.tasks.ExternalNativeJsonGenerator$configureOneAbi$1$1$3.invoke(ExternalNativeJsonGenerator.kt:247)
        at com.android.build.gradle.internal.cxx.timing.TimingEnvironmentKt.time(TimingEnvironment.kt:32)
        at com.android.build.gradle.tasks.ExternalNativeJsonGenerator.configureOneAbi(ExternalNativeJsonGenerator.kt:247)
        at com.android.build.gradle.tasks.ExternalNativeJsonGenerator.configure(ExternalNativeJsonGenerator.kt:113)
        at com.android.build.gradle.tasks.ExternalNativeBuildJsonTask.doTaskAction(ExternalNativeBuildJsonTask.kt:90)
        at com.android.build.gradle.internal.tasks.UnsafeOutputsTask$taskAction$$inlined$recordTaskAction$1.invoke(BaseTask.kt:65)
        at com.android.build.gradle.internal.tasks.Blocks.recordSpan(Blocks.java:51)
        at com.android.build.gradle.internal.tasks.UnsafeOutputsTask.taskAction(UnsafeOutputsTask.kt:63)
        at java.base/jdk.internal.reflect.DirectMethodHandleAccessor.invoke(DirectMethodHandleAccessor.java:103)
        at java.base/java.lang.reflect.Method.invoke(Method.java:580)
        at org.gradle.internal.reflect.JavaMethod.invoke(JavaMethod.java:125)
        at org.gradle.api.internal.project.taskfactory.StandardTaskAction.doExecute(StandardTaskAction.java:58)
        at org.gradle.api.internal.project.taskfactory.StandardTaskAction.execute(StandardTaskAction.java:51)
        at org.gradle.api.internal.project.taskfactory.StandardTaskAction.execute(StandardTaskAction.java:29)
        at org.gradle.api.internal.tasks.execution.TaskExecution$3.run(TaskExecution.java:259)
        at org.gradle.internal.operations.DefaultBuildOperationRunner$1.execute(DefaultBuildOperationRunner.java:30)
        at org.gradle.internal.operations.DefaultBuildOperationRunner$1.execute(DefaultBuildOperationRunner.java:27)
        at org.gradle.internal.operations.DefaultBuildOperationRunner$2.execute(DefaultBuildOperationRunner.java:67)
        at org.gradle.internal.operations.DefaultBuildOperationRunner$2.execute(DefaultBuildOperationRunner.java:60)
        at org.gradle.internal.operations.DefaultBuildOperationRunner.execute(DefaultBuildOperationRunner.java:167)
        at org.gradle.internal.operations.DefaultBuildOperationRunner.execute(DefaultBuildOperationRunner.java:60)
        at org.gradle.internal.operations.DefaultBuildOperationRunner.run(DefaultBuildOperationRunner.java:48)
        at org.gradle.api.internal.tasks.execution.TaskExecution.executeAction(TaskExecution.java:244)
        at org.gradle.api.internal.tasks.execution.TaskExecution.executeActions(TaskExecution.java:227)
        at org.gradle.api.internal.tasks.execution.TaskExecution.executeWithPreviousOutputFiles(TaskExecution.java:210)
        at org.gradle.api.internal.tasks.execution.TaskExecution.execute(TaskExecution.java:176)
        at org.gradle.internal.execution.steps.ExecuteStep.executeInternal(ExecuteStep.java:167)
        at org.gradle.internal.execution.steps.ExecuteStep.access$000(ExecuteStep.java:47)
        at org.gradle.internal.execution.steps.ExecuteStep$1.call(ExecuteStep.java:137)
        at org.gradle.internal.execution.steps.ExecuteStep$1.call(ExecuteStep.java:134)
        at org.gradle.internal.operations.DefaultBuildOperationRunner$CallableBuildOperationWorker.execute(DefaultBuildOperationRunner.java:210)
        at org.gradle.internal.operations.DefaultBuildOperationRunner$CallableBuildOperationWorker.execute(DefaultBuildOperationRunner.java:205)
        at org.gradle.internal.operations.DefaultBuildOperationRunner$2.execute(DefaultBuildOperationRunner.java:67)
        at org.gradle.internal.operations.DefaultBuildOperationRunner$2.execute(DefaultBuildOperationRunner.java:60)
        at org.gradle.internal.operations.DefaultBuildOperationRunner.execute(DefaultBuildOperationRunner.java:167)
        at org.gradle.internal.operations.DefaultBuildOperationRunner.execute(DefaultBuildOperationRunner.java:60)
        at org.gradle.internal.operations.DefaultBuildOperationRunner.call(DefaultBuildOperationRunner.java:54)
        at org.gradle.internal.execution.steps.ExecuteStep.execute(ExecuteStep.java:134)
        at org.gradle.internal.execution.steps.ExecuteStep$Mutable.execute(ExecuteStep.java:80)
        at org.gradle.internal.execution.steps.CancelExecutionStep.execute(CancelExecutionStep.java:42)
        at org.gradle.internal.execution.steps.TimeoutStep.executeWithoutTimeout(TimeoutStep.java:75)
        at org.gradle.internal.execution.steps.TimeoutStep.execute(TimeoutStep.java:55)
        at org.gradle.internal.execution.steps.PreCreateOutputParentsStep.execute(PreCreateOutputParentsStep.java:51)
        at org.gradle.internal.execution.steps.PreCreateOutputParentsStep.execute(PreCreateOutputParentsStep.java:29)
        at org.gradle.internal.execution.steps.RemovePreviousOutputsStep.executeMutable(RemovePreviousOutputsStep.java:67)
        at org.gradle.internal.execution.steps.RemovePreviousOutputsStep.executeMutable(RemovePreviousOutputsStep.java:39)
        at org.gradle.internal.execution.steps.MutableStep.execute(MutableStep.java:26)
        at org.gradle.internal.execution.steps.BroadcastChangingOutputsStep.execute(BroadcastChangingOutputsStep.java:42)
        at org.gradle.internal.execution.steps.BroadcastChangingOutputsStep.execute(BroadcastChangingOutputsStep.java:24)
        at org.gradle.internal.execution.steps.CaptureOutputsAfterExecutionStep.execute(CaptureOutputsAfterExecutionStep.java:69)
        at org.gradle.internal.execution.steps.CaptureOutputsAfterExecutionStep.execute(CaptureOutputsAfterExecutionStep.java:46)
        at org.gradle.internal.execution.steps.ResolveInputChangesStep.executeMutable(ResolveInputChangesStep.java:39)
        at org.gradle.internal.execution.steps.ResolveInputChangesStep.executeMutable(ResolveInputChangesStep.java:28)
        at org.gradle.internal.execution.steps.MutableStep.execute(MutableStep.java:26)
        at org.gradle.internal.execution.steps.BuildCacheStep.executeWithoutCache(BuildCacheStep.java:189)
        at org.gradle.internal.execution.steps.BuildCacheStep.lambda$execute$1(BuildCacheStep.java:76)
        at org.gradle.internal.Either$Right.fold(Either.java:176)
        at org.gradle.internal.execution.caching.CachingState.fold(CachingState.java:62)
        at org.gradle.internal.execution.steps.BuildCacheStep.execute(BuildCacheStep.java:74)
        at org.gradle.internal.execution.steps.BuildCacheStep.execute(BuildCacheStep.java:49)
        at org.gradle.internal.execution.steps.StoreExecutionStateStep.executeMutable(StoreExecutionStateStep.java:46)
        at org.gradle.internal.execution.steps.StoreExecutionStateStep.executeMutable(StoreExecutionStateStep.java:35)
        at org.gradle.internal.execution.steps.MutableStep.execute(MutableStep.java:26)
        at org.gradle.internal.execution.steps.SkipUpToDateStep.executeBecause(SkipUpToDateStep.java:75)
        at org.gradle.internal.execution.steps.SkipUpToDateStep.lambda$execute$2(SkipUpToDateStep.java:53)
        at java.base/java.util.Optional.orElseGet(Optional.java:364)
        at org.gradle.internal.execution.steps.SkipUpToDateStep.execute(SkipUpToDateStep.java:53)
        at org.gradle.internal.execution.steps.SkipUpToDateStep.execute(SkipUpToDateStep.java:35)
        at org.gradle.internal.execution.steps.legacy.MarkSnapshottingInputsFinishedStep.execute(MarkSnapshottingInputsFinishedStep.java:37)
        at org.gradle.internal.execution.steps.legacy.MarkSnapshottingInputsFinishedStep.execute(MarkSnapshottingInputsFinishedStep.java:27)
        at org.gradle.internal.execution.steps.ResolveMutableCachingStateStep.executeDelegate(ResolveMutableCachingStateStep.java:70)
        at org.gradle.internal.execution.steps.ResolveMutableCachingStateStep.executeDelegate(ResolveMutableCachingStateStep.java:32)
        at org.gradle.internal.execution.steps.AbstractResolveCachingStateStep.execute(AbstractResolveCachingStateStep.java:69)
        at org.gradle.internal.execution.steps.AbstractResolveCachingStateStep.execute(AbstractResolveCachingStateStep.java:37)
        at org.gradle.internal.execution.steps.ResolveChangesStep.executeMutable(ResolveChangesStep.java:63)
        at org.gradle.internal.execution.steps.ResolveChangesStep.executeMutable(ResolveChangesStep.java:34)
        at org.gradle.internal.execution.steps.MutableStep.execute(MutableStep.java:26)
        at org.gradle.internal.execution.steps.ValidateStep$Mutable.executeDelegate(ValidateStep.java:79)
        at org.gradle.internal.execution.steps.ValidateStep$Mutable.executeDelegate(ValidateStep.java:65)
        at org.gradle.internal.execution.steps.ValidateStep.execute(ValidateStep.java:99)
        at org.gradle.internal.execution.steps.ValidateStep$Mutable.execute(ValidateStep.java:65)
        at org.gradle.internal.execution.steps.CaptureMutableStateBeforeExecutionStep.executeMutable(CaptureMutableStateBeforeExecutionStep.java:86)
        at org.gradle.internal.execution.steps.CaptureMutableStateBeforeExecutionStep.execute(CaptureMutableStateBeforeExecutionStep.java:65)
        at org.gradle.internal.execution.steps.CaptureMutableStateBeforeExecutionStep.execute(CaptureMutableStateBeforeExecutionStep.java:45)
        at org.gradle.internal.execution.steps.SkipEmptyMutableWorkStep.executeWithNonEmptySources(SkipEmptyMutableWorkStep.java:210)
        at org.gradle.internal.execution.steps.SkipEmptyMutableWorkStep.executeMutable(SkipEmptyMutableWorkStep.java:85)
        at org.gradle.internal.execution.steps.SkipEmptyMutableWorkStep.executeMutable(SkipEmptyMutableWorkStep.java:53)
        at org.gradle.internal.execution.steps.MutableStep.execute(MutableStep.java:26)
        at org.gradle.internal.execution.steps.legacy.MarkSnapshottingInputsStartedStep.execute(MarkSnapshottingInputsStartedStep.java:38)
        at org.gradle.internal.execution.steps.LoadPreviousExecutionStateStep.executeMutable(LoadPreviousExecutionStateStep.java:36)
        at org.gradle.internal.execution.steps.LoadPreviousExecutionStateStep.executeMutable(LoadPreviousExecutionStateStep.java:23)
        at org.gradle.internal.execution.steps.MutableStep.execute(MutableStep.java:26)
        at org.gradle.internal.execution.steps.HandleStaleOutputsStep.executeMutable(HandleStaleOutputsStep.java:77)
        at org.gradle.internal.execution.steps.HandleStaleOutputsStep.executeMutable(HandleStaleOutputsStep.java:43)
        at org.gradle.internal.execution.steps.MutableStep.execute(MutableStep.java:26)
        at org.gradle.internal.execution.steps.AssignMutableWorkspaceStep.lambda$executeMutable$0(AssignMutableWorkspaceStep.java:34)
        at org.gradle.api.internal.tasks.execution.TaskExecution$4.withWorkspace(TaskExecution.java:305)
        at org.gradle.internal.execution.steps.AssignMutableWorkspaceStep.executeMutable(AssignMutableWorkspaceStep.java:30)
        at org.gradle.internal.execution.steps.AssignMutableWorkspaceStep.executeMutable(AssignMutableWorkspaceStep.java:21)
        at org.gradle.internal.execution.steps.MutableStep.execute(MutableStep.java:26)
        at org.gradle.internal.execution.steps.ChoosePipelineStep.execute(ChoosePipelineStep.java:40)
        at org.gradle.internal.execution.steps.ChoosePipelineStep.execute(ChoosePipelineStep.java:23)
        at org.gradle.internal.execution.steps.ExecuteWorkBuildOperationFiringStep.lambda$execute$2(ExecuteWorkBuildOperationFiringStep.java:67)
        at java.base/java.util.Optional.orElseGet(Optional.java:364)
        at org.gradle.internal.execution.steps.ExecuteWorkBuildOperationFiringStep.execute(ExecuteWorkBuildOperationFiringStep.java:67)
        at org.gradle.internal.execution.steps.ExecuteWorkBuildOperationFiringStep.execute(ExecuteWorkBuildOperationFiringStep.java:39)
        at org.gradle.internal.execution.steps.IdentityCacheStep.execute(IdentityCacheStep.java:46)
        at org.gradle.internal.execution.steps.IdentityCacheStep.execute(IdentityCacheStep.java:34)
        at org.gradle.internal.execution.steps.IdentifyStep.execute(IdentifyStep.java:56)
        at org.gradle.internal.execution.steps.IdentifyStep.execute(IdentifyStep.java:38)
        at org.gradle.internal.execution.impl.DefaultExecutionEngine$1.execute(DefaultExecutionEngine.java:68)
        at org.gradle.api.internal.tasks.execution.ExecuteActionsTaskExecuter.executeIfValid(ExecuteActionsTaskExecuter.java:132)
        at org.gradle.api.internal.tasks.execution.ExecuteActionsTaskExecuter.execute(ExecuteActionsTaskExecuter.java:121)
        at org.gradle.api.internal.tasks.execution.ProblemsTaskPathTrackingTaskExecuter.execute(ProblemsTaskPathTrackingTaskExecuter.java:41)
        at org.gradle.api.internal.tasks.execution.ResolveTaskExecutionModeExecuter.execute(ResolveTaskExecutionModeExecuter.java:51)
        at org.gradle.api.internal.tasks.execution.FinalizePropertiesTaskExecuter.execute(FinalizePropertiesTaskExecuter.java:46)
        at org.gradle.api.internal.tasks.execution.SkipTaskWithNoActionsExecuter.execute(SkipTaskWithNoActionsExecuter.java:57)
        at org.gradle.api.internal.tasks.execution.SkipOnlyIfTaskExecuter.execute(SkipOnlyIfTaskExecuter.java:74)
        at org.gradle.api.internal.tasks.execution.CatchExceptionTaskExecuter.execute(CatchExceptionTaskExecuter.java:36)
        at org.gradle.api.internal.tasks.execution.EventFiringTaskExecuter$1.executeTask(EventFiringTaskExecuter.java:77)
        at org.gradle.api.internal.tasks.execution.EventFiringTaskExecuter$1.call(EventFiringTaskExecuter.java:55)
        at org.gradle.api.internal.tasks.execution.EventFiringTaskExecuter$1.call(EventFiringTaskExecuter.java:52)
        at org.gradle.internal.operations.DefaultBuildOperationRunner$CallableBuildOperationWorker.execute(DefaultBuildOperationRunner.java:210)
        at org.gradle.internal.operations.DefaultBuildOperationRunner$CallableBuildOperationWorker.execute(DefaultBuildOperationRunner.java:205)
        at org.gradle.internal.operations.DefaultBuildOperationRunner$2.execute(DefaultBuildOperationRunner.java:67)
        at org.gradle.internal.operations.DefaultBuildOperationRunner$2.execute(DefaultBuildOperationRunner.java:60)
        at org.gradle.internal.operations.DefaultBuildOperationRunner.execute(DefaultBuildOperationRunner.java:167)
        at org.gradle.internal.operations.DefaultBuildOperationRunner.execute(DefaultBuildOperationRunner.java:60)
        at org.gradle.internal.operations.DefaultBuildOperationRunner.call(DefaultBuildOperationRunner.java:54)
        at org.gradle.api.internal.tasks.execution.EventFiringTaskExecuter.execute(EventFiringTaskExecuter.java:52)
        at org.gradle.execution.plan.DefaultNodeExecutor.executeLocalTaskNode(DefaultNodeExecutor.java:55)
        at org.gradle.execution.plan.DefaultNodeExecutor.execute(DefaultNodeExecutor.java:34)
        at org.gradle.execution.taskgraph.DefaultTaskExecutionGraph$InvokeNodeExecutorsAction.execute(DefaultTaskExecutionGraph.java:355)
        at org.gradle.execution.taskgraph.DefaultTaskExecutionGraph$InvokeNodeExecutorsAction.execute(DefaultTaskExecutionGraph.java:343)
        at org.gradle.execution.taskgraph.DefaultTaskExecutionGraph$BuildOperationAwareExecutionAction.lambda$execute$0(DefaultTaskExecutionGraph.java:339)
        at org.gradle.internal.operations.CurrentBuildOperationRef.with(CurrentBuildOperationRef.java:84)
        at org.gradle.execution.taskgraph.DefaultTaskExecutionGraph$BuildOperationAwareExecutionAction.execute(DefaultTaskExecutionGraph.java:339)
        at org.gradle.execution.taskgraph.DefaultTaskExecutionGraph$BuildOperationAwareExecutionAction.execute(DefaultTaskExecutionGraph.java:328)
        at org.gradle.execution.plan.DefaultPlanExecutor$ExecutorWorker.execute(DefaultPlanExecutor.java:459)
        at org.gradle.execution.plan.DefaultPlanExecutor$ExecutorWorker.run(DefaultPlanExecutor.java:376)
        at org.gradle.execution.plan.DefaultPlanExecutor.process(DefaultPlanExecutor.java:111)
        at org.gradle.execution.taskgraph.DefaultTaskExecutionGraph.executeWithServices(DefaultTaskExecutionGraph.java:146)
        at org.gradle.execution.taskgraph.DefaultTaskExecutionGraph.execute(DefaultTaskExecutionGraph.java:131)
        at org.gradle.execution.SelectedTaskExecutionAction.execute(SelectedTaskExecutionAction.java:35)
        at org.gradle.execution.BuildOperationFiringBuildWorkerExecutor$ExecuteTasks.call(BuildOperationFiringBuildWorkerExecutor.java:54)
        at org.gradle.execution.BuildOperationFiringBuildWorkerExecutor$ExecuteTasks.call(BuildOperationFiringBuildWorkerExecutor.java:43)
        at org.gradle.internal.operations.DefaultBuildOperationRunner$CallableBuildOperationWorker.execute(DefaultBuildOperationRunner.java:210)
        at org.gradle.internal.operations.DefaultBuildOperationRunner$CallableBuildOperationWorker.execute(DefaultBuildOperationRunner.java:205)
        at org.gradle.internal.operations.DefaultBuildOperationRunner$2.execute(DefaultBuildOperationRunner.java:67)
        at org.gradle.internal.operations.DefaultBuildOperationRunner$2.execute(DefaultBuildOperationRunner.java:60)
        at org.gradle.internal.operations.DefaultBuildOperationRunner.execute(DefaultBuildOperationRunner.java:167)
        at org.gradle.internal.operations.DefaultBuildOperationRunner.execute(DefaultBuildOperationRunner.java:60)
        at org.gradle.internal.operations.DefaultBuildOperationRunner.call(DefaultBuildOperationRunner.java:54)
        at org.gradle.execution.BuildOperationFiringBuildWorkerExecutor.execute(BuildOperationFiringBuildWorkerExecutor.java:40)
        at org.gradle.internal.build.DefaultBuildLifecycleController.lambda$executeTasks$11(DefaultBuildLifecycleController.java:323)
        at org.gradle.internal.model.StateTransitionController.doTransition(StateTransitionController.java:304)
        at org.gradle.internal.model.StateTransitionController.lambda$tryTransition$9(StateTransitionController.java:215)
        at org.gradle.internal.work.DefaultSynchronizer.withLock(DefaultSynchronizer.java:45)
        at org.gradle.internal.model.StateTransitionController.tryTransition(StateTransitionController.java:215)
        at org.gradle.internal.build.DefaultBuildLifecycleController.executeTasks(DefaultBuildLifecycleController.java:314)
        at org.gradle.internal.build.DefaultBuildWorkGraphController$DefaultBuildWorkGraph.runWork(DefaultBuildWorkGraphController.java:220)
        at org.gradle.internal.work.DefaultWorkerLeaseService.lambda$withLocksAcquired$0(DefaultWorkerLeaseService.java:275)
        at org.gradle.internal.work.ResourceLockStatistics$1.measure(ResourceLockStatistics.java:43)
        at org.gradle.internal.work.DefaultWorkerLeaseService.withLocksAcquired(DefaultWorkerLeaseService.java:273)
        at org.gradle.internal.work.DefaultWorkerLeaseService.withLocks(DefaultWorkerLeaseService.java:265)
        at org.gradle.internal.work.DefaultWorkerLeaseService.runAsWorkerThread(DefaultWorkerLeaseService.java:128)
        at org.gradle.composite.internal.DefaultBuildController.doRun(DefaultBuildController.java:182)
        at org.gradle.composite.internal.DefaultBuildController.access$000(DefaultBuildController.java:50)
        at org.gradle.composite.internal.DefaultBuildController$BuildOpRunnable.lambda$run$0(DefaultBuildController.java:199)
        at org.gradle.internal.operations.CurrentBuildOperationRef.with(CurrentBuildOperationRef.java:84)
        at org.gradle.composite.internal.DefaultBuildController$BuildOpRunnable.run(DefaultBuildController.java:199)
        at java.base/java.util.concurrent.Executors$RunnableAdapter.call(Executors.java:572)
        at java.base/java.util.concurrent.FutureTask.run(FutureTask.java:317)
        at org.gradle.internal.concurrent.ExecutorPolicy$CatchAndRecordFailures.onExecute(ExecutorPolicy.java:64)
        at org.gradle.internal.concurrent.AbstractManagedExecutor$1.run(AbstractManagedExecutor.java:47)
        at java.base/java.util.concurrent.ThreadPoolExecutor.runWorker(ThreadPoolExecutor.java:1144)
        at java.base/java.util.concurrent.ThreadPoolExecutor$Worker.run(ThreadPoolExecutor.java:642)
        at java.base/java.lang.Thread.run(Thread.java:1583)
  Caused by: com.android.ide.common.process.ProcessException: Error while executing process C:\54\Dist\Progr\Android_Tools\ndk\28.2.13676358\ndk-build.cmd with arguments {NDK_PROJECT_PATH=null APP_BUILD_SCRIPT=C:\54\Proje
cts\!0724 - Coating Robot\SIYI-MK15-Port-Inspector\app\src\main\jni\Android.mk NDK_APPLICATION_MK=C:\54\Projects\!0724 - Coating Robot\SIYI-MK15-Port-Inspector\app\src\main\jni\Application.mk APP_ABI=arm64-v8a NDK_ALL_ABI
S=arm64-v8a NDK_DEBUG=1 APP_PLATFORM=android-23 NDK_OUT=C:\54\Projects\!0724 - Coating Robot\SIYI-MK15-Port-Inspector\app\build\intermediates\cxx\Debug\4m5g35e4/obj NDK_LIBS_OUT=C:\54\Projects\!0724 - Coating Robot\SIYI-M
K15-Port-Inspector\app\build\intermediates\cxx\Debug\4m5g35e4/lib APP_SHORT_COMMANDS=false LOCAL_SHORT_COMMANDS=false -B -n}
        at com.android.build.gradle.internal.process.GradleProcessResult.buildProcessException(GradleProcessResult.java:73)
        at com.android.build.gradle.internal.process.GradleProcessResult.assertNormalExitValue(GradleProcessResult.java:48)
        at com.android.build.gradle.internal.cxx.process.ExecuteProcessKt.execute(ExecuteProcess.kt:277)
        ... 185 more
  Caused by: org.gradle.process.ProcessExecutionException: Process 'command 'C:\54\Dist\Progr\Android_Tools\ndk\28.2.13676358\ndk-build.cmd'' finished with non-zero exit value 2
        at org.gradle.process.internal.DefaultExecHandle$ExecResultImpl.assertNormalExitValue(DefaultExecHandle.java:459)
        at com.android.build.gradle.internal.process.GradleProcessResult.assertNormalExitValue(GradleProcessResult.java:46)
        ... 186 more


* Try:
> Run with --info or --debug option to get more log output.
> Run with --scan to get full insights from a Build Scan (powered by Develocity).
> Get more help at https://help.gradle.org.

* Exception is:
org.gradle.api.tasks.TaskExecutionException: Execution failed for task ':app:configureNdkBuildDebug[arm64-v8a]'.
        at org.gradle.api.internal.tasks.execution.ExecuteActionsTaskExecuter.lambda$executeIfValid$1(ExecuteActionsTaskExecuter.java:135)
        at org.gradle.internal.Try$Failure.ifSuccessfulOrElse(Try.java:288)
        at org.gradle.api.internal.tasks.execution.ExecuteActionsTaskExecuter.executeIfValid(ExecuteActionsTaskExecuter.java:133)
        at org.gradle.api.internal.tasks.execution.ExecuteActionsTaskExecuter.execute(ExecuteActionsTaskExecuter.java:121)
        at org.gradle.api.internal.tasks.execution.ProblemsTaskPathTrackingTaskExecuter.execute(ProblemsTaskPathTrackingTaskExecuter.java:41)
        at org.gradle.api.internal.tasks.execution.ResolveTaskExecutionModeExecuter.execute(ResolveTaskExecutionModeExecuter.java:51)
        at org.gradle.api.internal.tasks.execution.FinalizePropertiesTaskExecuter.execute(FinalizePropertiesTaskExecuter.java:46)
        at org.gradle.api.internal.tasks.execution.SkipTaskWithNoActionsExecuter.execute(SkipTaskWithNoActionsExecuter.java:57)
        at org.gradle.api.internal.tasks.execution.SkipOnlyIfTaskExecuter.execute(SkipOnlyIfTaskExecuter.java:74)
        at org.gradle.api.internal.tasks.execution.CatchExceptionTaskExecuter.execute(CatchExceptionTaskExecuter.java:36)
        at org.gradle.api.internal.tasks.execution.EventFiringTaskExecuter$1.executeTask(EventFiringTaskExecuter.java:77)
        at org.gradle.api.internal.tasks.execution.EventFiringTaskExecuter$1.call(EventFiringTaskExecuter.java:55)
        at org.gradle.api.internal.tasks.execution.EventFiringTaskExecuter$1.call(EventFiringTaskExecuter.java:52)
        at org.gradle.internal.operations.DefaultBuildOperationRunner$CallableBuildOperationWorker.execute(DefaultBuildOperationRunner.java:210)
        at org.gradle.internal.operations.DefaultBuildOperationRunner$CallableBuildOperationWorker.execute(DefaultBuildOperationRunner.java:205)
        at org.gradle.internal.operations.DefaultBuildOperationRunner$2.execute(DefaultBuildOperationRunner.java:67)
        at org.gradle.internal.operations.DefaultBuildOperationRunner$2.execute(DefaultBuildOperationRunner.java:60)
        at org.gradle.internal.operations.DefaultBuildOperationRunner.execute(DefaultBuildOperationRunner.java:167)
        at org.gradle.internal.operations.DefaultBuildOperationRunner.execute(DefaultBuildOperationRunner.java:60)
        at org.gradle.internal.operations.DefaultBuildOperationRunner.call(DefaultBuildOperationRunner.java:54)
        at org.gradle.api.internal.tasks.execution.EventFiringTaskExecuter.execute(EventFiringTaskExecuter.java:52)
        at org.gradle.execution.plan.DefaultNodeExecutor.executeLocalTaskNode(DefaultNodeExecutor.java:55)
        at org.gradle.execution.plan.DefaultNodeExecutor.execute(DefaultNodeExecutor.java:34)
        at org.gradle.execution.taskgraph.DefaultTaskExecutionGraph$InvokeNodeExecutorsAction.execute(DefaultTaskExecutionGraph.java:355)
        at org.gradle.execution.taskgraph.DefaultTaskExecutionGraph$InvokeNodeExecutorsAction.execute(DefaultTaskExecutionGraph.java:343)
        at org.gradle.execution.taskgraph.DefaultTaskExecutionGraph$BuildOperationAwareExecutionAction.lambda$execute$0(DefaultTaskExecutionGraph.java:339)
        at org.gradle.internal.operations.CurrentBuildOperationRef.with(CurrentBuildOperationRef.java:84)
        at org.gradle.execution.taskgraph.DefaultTaskExecutionGraph$BuildOperationAwareExecutionAction.execute(DefaultTaskExecutionGraph.java:339)
        at org.gradle.execution.taskgraph.DefaultTaskExecutionGraph$BuildOperationAwareExecutionAction.execute(DefaultTaskExecutionGraph.java:328)
        at org.gradle.execution.plan.DefaultPlanExecutor$ExecutorWorker.execute(DefaultPlanExecutor.java:459)
        at org.gradle.execution.plan.DefaultPlanExecutor$ExecutorWorker.run(DefaultPlanExecutor.java:376)
        at org.gradle.execution.plan.DefaultPlanExecutor.process(DefaultPlanExecutor.java:111)
        at org.gradle.execution.taskgraph.DefaultTaskExecutionGraph.executeWithServices(DefaultTaskExecutionGraph.java:146)
        at org.gradle.execution.taskgraph.DefaultTaskExecutionGraph.execute(DefaultTaskExecutionGraph.java:131)
        at org.gradle.execution.SelectedTaskExecutionAction.execute(SelectedTaskExecutionAction.java:35)
        at org.gradle.execution.BuildOperationFiringBuildWorkerExecutor$ExecuteTasks.call(BuildOperationFiringBuildWorkerExecutor.java:54)
        at org.gradle.execution.BuildOperationFiringBuildWorkerExecutor$ExecuteTasks.call(BuildOperationFiringBuildWorkerExecutor.java:43)
        at org.gradle.internal.operations.DefaultBuildOperationRunner$CallableBuildOperationWorker.execute(DefaultBuildOperationRunner.java:210)
        at org.gradle.internal.operations.DefaultBuildOperationRunner$CallableBuildOperationWorker.execute(DefaultBuildOperationRunner.java:205)
        at org.gradle.internal.operations.DefaultBuildOperationRunner$2.execute(DefaultBuildOperationRunner.java:67)
        at org.gradle.internal.operations.DefaultBuildOperationRunner$2.execute(DefaultBuildOperationRunner.java:60)
        at org.gradle.internal.operations.DefaultBuildOperationRunner.execute(DefaultBuildOperationRunner.java:167)
        at org.gradle.internal.operations.DefaultBuildOperationRunner.execute(DefaultBuildOperationRunner.java:60)
        at org.gradle.internal.operations.DefaultBuildOperationRunner.call(DefaultBuildOperationRunner.java:54)
        at org.gradle.execution.BuildOperationFiringBuildWorkerExecutor.execute(BuildOperationFiringBuildWorkerExecutor.java:40)
        at org.gradle.internal.build.DefaultBuildLifecycleController.lambda$executeTasks$11(DefaultBuildLifecycleController.java:323)
        at org.gradle.internal.model.StateTransitionController.doTransition(StateTransitionController.java:304)
        at org.gradle.internal.model.StateTransitionController.lambda$tryTransition$9(StateTransitionController.java:215)
        at org.gradle.internal.work.DefaultSynchronizer.withLock(DefaultSynchronizer.java:45)
        at org.gradle.internal.model.StateTransitionController.tryTransition(StateTransitionController.java:215)
        at org.gradle.internal.build.DefaultBuildLifecycleController.executeTasks(DefaultBuildLifecycleController.java:314)
        at org.gradle.internal.build.DefaultBuildWorkGraphController$DefaultBuildWorkGraph.runWork(DefaultBuildWorkGraphController.java:220)
        at org.gradle.internal.work.DefaultWorkerLeaseService.lambda$withLocksAcquired$0(DefaultWorkerLeaseService.java:275)
        at org.gradle.internal.work.ResourceLockStatistics$1.measure(ResourceLockStatistics.java:43)
        at org.gradle.internal.work.DefaultWorkerLeaseService.withLocksAcquired(DefaultWorkerLeaseService.java:273)
        at org.gradle.internal.work.DefaultWorkerLeaseService.withLocks(DefaultWorkerLeaseService.java:265)
        at org.gradle.internal.work.DefaultWorkerLeaseService.runAsWorkerThread(DefaultWorkerLeaseService.java:128)
        at org.gradle.composite.internal.DefaultBuildController.doRun(DefaultBuildController.java:182)
        at org.gradle.composite.internal.DefaultBuildController.access$000(DefaultBuildController.java:50)
        at org.gradle.composite.internal.DefaultBuildController$BuildOpRunnable.lambda$run$0(DefaultBuildController.java:199)
        at org.gradle.internal.operations.CurrentBuildOperationRef.with(CurrentBuildOperationRef.java:84)
        at org.gradle.composite.internal.DefaultBuildController$BuildOpRunnable.run(DefaultBuildController.java:199)
        at org.gradle.internal.concurrent.ExecutorPolicy$CatchAndRecordFailures.onExecute(ExecutorPolicy.java:64)
        at org.gradle.internal.concurrent.AbstractManagedExecutor$1.run(AbstractManagedExecutor.java:47)
Caused by: com.android.builder.errors.EvalIssueException: [CXX1429] error when building with ndkBuild using C:\54\Projects\!0724 - Coating Robot\SIYI-MK15-Port-Inspector\app\src\main\jni\Android.mk: Android NDK: Your APP_
BUILD_SCRIPT points to an unknown file: C:\54\Projects\!0724 - Coating Robot\SIYI-MK15-Port-Inspector\app\src\main\jni\Android.mk

C++ build system [configure] failed while executing:
    @echo off
    "C:\\54\\Dist\\Progr\\Android_Tools\\ndk\\28.2.13676358\\ndk-build.cmd" ^
      "NDK_PROJECT_PATH=null" ^
      "APP_BUILD_SCRIPT=C:\\54\\Projects\\!0724 - Coating Robot\\SIYI-MK15-Port-Inspector\\app\\src\\main\\jni\\Android.mk" ^
      "NDK_APPLICATION_MK=C:\\54\\Projects\\!0724 - Coating Robot\\SIYI-MK15-Port-Inspector\\app\\src\\main\\jni\\Application.mk" ^
      "APP_ABI=arm64-v8a" ^
      "NDK_ALL_ABIS=arm64-v8a" ^
      "NDK_DEBUG=1" ^
      "APP_PLATFORM=android-23" ^
      "NDK_OUT=C:\\54\\Projects\\!0724 - Coating Robot\\SIYI-MK15-Port-Inspector\\app\\build\\intermediates\\cxx\\Debug\\4m5g35e4/obj" ^
      "NDK_LIBS_OUT=C:\\54\\Projects\\!0724 - Coating Robot\\SIYI-MK15-Port-Inspector\\app\\build\\intermediates\\cxx\\Debug\\4m5g35e4/lib" ^
      "APP_SHORT_COMMANDS=false" ^
      "LOCAL_SHORT_COMMANDS=false" ^
      -B ^
      -n
  from C:\54\Projects\!0724 - Coating Robot\SIYI-MK15-Port-Inspector\app
C:/54/Dist/Progr/Android_Tools/ndk/28.2.13676358/build/../build/core/add-application.mk:88: *** Android NDK: Aborting...    .  Stop. : com.android.ide.common.process.ProcessException: Android NDK: Your APP_BUILD_SCRIPT po
ints to an unknown file: C:\54\Projects\!0724 - Coating Robot\SIYI-MK15-Port-Inspector\app\src\main\jni\Android.mk

C++ build system [configure] failed while executing:
    @echo off
    "C:\\54\\Dist\\Progr\\Android_Tools\\ndk\\28.2.13676358\\ndk-build.cmd" ^
      "NDK_PROJECT_PATH=null" ^
      "APP_BUILD_SCRIPT=C:\\54\\Projects\\!0724 - Coating Robot\\SIYI-MK15-Port-Inspector\\app\\src\\main\\jni\\Android.mk" ^
      "NDK_APPLICATION_MK=C:\\54\\Projects\\!0724 - Coating Robot\\SIYI-MK15-Port-Inspector\\app\\src\\main\\jni\\Application.mk" ^
      "APP_ABI=arm64-v8a" ^
      "NDK_ALL_ABIS=arm64-v8a" ^
      "NDK_DEBUG=1" ^
      "APP_PLATFORM=android-23" ^
      "NDK_OUT=C:\\54\\Projects\\!0724 - Coating Robot\\SIYI-MK15-Port-Inspector\\app\\build\\intermediates\\cxx\\Debug\\4m5g35e4/obj" ^
      "NDK_LIBS_OUT=C:\\54\\Projects\\!0724 - Coating Robot\\SIYI-MK15-Port-Inspector\\app\\build\\intermediates\\cxx\\Debug\\4m5g35e4/lib" ^
      "APP_SHORT_COMMANDS=false" ^
      "LOCAL_SHORT_COMMANDS=false" ^
      -B ^
      -n
  from C:\54\Projects\!0724 - Coating Robot\SIYI-MK15-Port-Inspector\app
C:/54/Dist/Progr/Android_Tools/ndk/28.2.13676358/build/../build/core/add-application.mk:88: *** Android NDK: Aborting...    .  Stop.
        at com.android.build.gradle.internal.cxx.process.ExecuteProcessKt.execute(ExecuteProcess.kt:288)
        at com.android.build.gradle.internal.cxx.process.ExecuteProcessKt$executeProcess$1.invoke(ExecuteProcess.kt:108)
        at com.android.build.gradle.internal.cxx.process.ExecuteProcessKt$executeProcess$1.invoke(ExecuteProcess.kt:106)
        at com.android.build.gradle.internal.cxx.timing.TimingEnvironmentKt.time(TimingEnvironment.kt:32)
        at com.android.build.gradle.internal.cxx.process.ExecuteProcessKt.executeProcess(ExecuteProcess.kt:106)
        at com.android.build.gradle.internal.cxx.process.ExecuteProcessKt.executeProcess$default(ExecuteProcess.kt:85)
        at com.android.build.gradle.tasks.NdkBuildExternalNativeJsonGenerator.executeProcess(NdkBuildExternalNativeJsonGenerator.kt:73)
        at com.android.build.gradle.tasks.ExternalNativeJsonGenerator$configureOneAbi$1$1$3.invoke(ExternalNativeJsonGenerator.kt:247)
        at com.android.build.gradle.tasks.ExternalNativeJsonGenerator$configureOneAbi$1$1$3.invoke(ExternalNativeJsonGenerator.kt:247)
        at com.android.build.gradle.internal.cxx.timing.TimingEnvironmentKt.time(TimingEnvironment.kt:32)
        at com.android.build.gradle.tasks.ExternalNativeJsonGenerator.configureOneAbi(ExternalNativeJsonGenerator.kt:247)
        at com.android.build.gradle.tasks.ExternalNativeJsonGenerator.configure(ExternalNativeJsonGenerator.kt:113)
        at com.android.build.gradle.tasks.ExternalNativeBuildJsonTask.doTaskAction(ExternalNativeBuildJsonTask.kt:90)
        at com.android.build.gradle.internal.tasks.UnsafeOutputsTask$taskAction$$inlined$recordTaskAction$1.invoke(BaseTask.kt:65)
        at com.android.build.gradle.internal.tasks.Blocks.recordSpan(Blocks.java:51)
        at com.android.build.gradle.internal.tasks.UnsafeOutputsTask.taskAction(UnsafeOutputsTask.kt:63)
        at java.base/jdk.internal.reflect.DirectMethodHandleAccessor.invoke(DirectMethodHandleAccessor.java:103)
        at java.base/java.lang.reflect.Method.invoke(Method.java:580)
        at org.gradle.internal.reflect.JavaMethod.invoke(JavaMethod.java:125)
        at org.gradle.api.internal.project.taskfactory.StandardTaskAction.doExecute(StandardTaskAction.java:58)
        at org.gradle.api.internal.project.taskfactory.StandardTaskAction.execute(StandardTaskAction.java:51)
        at org.gradle.api.internal.project.taskfactory.StandardTaskAction.execute(StandardTaskAction.java:29)
        at org.gradle.api.internal.tasks.execution.TaskExecution$3.run(TaskExecution.java:259)
        at org.gradle.internal.operations.DefaultBuildOperationRunner$1.execute(DefaultBuildOperationRunner.java:30)
        at org.gradle.internal.operations.DefaultBuildOperationRunner$1.execute(DefaultBuildOperationRunner.java:27)
        at org.gradle.internal.operations.DefaultBuildOperationRunner$2.execute(DefaultBuildOperationRunner.java:67)
        at org.gradle.internal.operations.DefaultBuildOperationRunner$2.execute(DefaultBuildOperationRunner.java:60)
        at org.gradle.internal.operations.DefaultBuildOperationRunner.execute(DefaultBuildOperationRunner.java:167)
        at org.gradle.internal.operations.DefaultBuildOperationRunner.execute(DefaultBuildOperationRunner.java:60)
        at org.gradle.internal.operations.DefaultBuildOperationRunner.run(DefaultBuildOperationRunner.java:48)
        at org.gradle.api.internal.tasks.execution.TaskExecution.executeAction(TaskExecution.java:244)
        at org.gradle.api.internal.tasks.execution.TaskExecution.executeActions(TaskExecution.java:227)
        at org.gradle.api.internal.tasks.execution.TaskExecution.executeWithPreviousOutputFiles(TaskExecution.java:210)
        at org.gradle.api.internal.tasks.execution.TaskExecution.execute(TaskExecution.java:176)
        at org.gradle.internal.execution.steps.ExecuteStep.executeInternal(ExecuteStep.java:167)
        at org.gradle.internal.execution.steps.ExecuteStep.access$000(ExecuteStep.java:47)
        at org.gradle.internal.execution.steps.ExecuteStep$1.call(ExecuteStep.java:137)
        at org.gradle.internal.execution.steps.ExecuteStep$1.call(ExecuteStep.java:134)
        at org.gradle.internal.operations.DefaultBuildOperationRunner$CallableBuildOperationWorker.execute(DefaultBuildOperationRunner.java:210)
        at org.gradle.internal.operations.DefaultBuildOperationRunner$CallableBuildOperationWorker.execute(DefaultBuildOperationRunner.java:205)
        at org.gradle.internal.operations.DefaultBuildOperationRunner$2.execute(DefaultBuildOperationRunner.java:67)
        at org.gradle.internal.operations.DefaultBuildOperationRunner$2.execute(DefaultBuildOperationRunner.java:60)
        at org.gradle.internal.operations.DefaultBuildOperationRunner.execute(DefaultBuildOperationRunner.java:167)
        at org.gradle.internal.operations.DefaultBuildOperationRunner.execute(DefaultBuildOperationRunner.java:60)
        at org.gradle.internal.operations.DefaultBuildOperationRunner.call(DefaultBuildOperationRunner.java:54)
        at org.gradle.internal.execution.steps.ExecuteStep.execute(ExecuteStep.java:134)
        at org.gradle.internal.execution.steps.ExecuteStep$Mutable.execute(ExecuteStep.java:80)
        at org.gradle.internal.execution.steps.CancelExecutionStep.execute(CancelExecutionStep.java:42)
        at org.gradle.internal.execution.steps.TimeoutStep.executeWithoutTimeout(TimeoutStep.java:75)
        at org.gradle.internal.execution.steps.TimeoutStep.execute(TimeoutStep.java:55)
        at org.gradle.internal.execution.steps.PreCreateOutputParentsStep.execute(PreCreateOutputParentsStep.java:51)
        at org.gradle.internal.execution.steps.PreCreateOutputParentsStep.execute(PreCreateOutputParentsStep.java:29)
        at org.gradle.internal.execution.steps.RemovePreviousOutputsStep.executeMutable(RemovePreviousOutputsStep.java:67)
        at org.gradle.internal.execution.steps.RemovePreviousOutputsStep.executeMutable(RemovePreviousOutputsStep.java:39)
        at org.gradle.internal.execution.steps.MutableStep.execute(MutableStep.java:26)
        at org.gradle.internal.execution.steps.BroadcastChangingOutputsStep.execute(BroadcastChangingOutputsStep.java:42)
        at org.gradle.internal.execution.steps.BroadcastChangingOutputsStep.execute(BroadcastChangingOutputsStep.java:24)
        at org.gradle.internal.execution.steps.CaptureOutputsAfterExecutionStep.execute(CaptureOutputsAfterExecutionStep.java:69)
        at org.gradle.internal.execution.steps.CaptureOutputsAfterExecutionStep.execute(CaptureOutputsAfterExecutionStep.java:46)
        at org.gradle.internal.execution.steps.ResolveInputChangesStep.executeMutable(ResolveInputChangesStep.java:39)
        at org.gradle.internal.execution.steps.ResolveInputChangesStep.executeMutable(ResolveInputChangesStep.java:28)
        at org.gradle.internal.execution.steps.MutableStep.execute(MutableStep.java:26)
        at org.gradle.internal.execution.steps.BuildCacheStep.executeWithoutCache(BuildCacheStep.java:189)
        at org.gradle.internal.execution.steps.BuildCacheStep.lambda$execute$1(BuildCacheStep.java:76)
        at org.gradle.internal.Either$Right.fold(Either.java:176)
        at org.gradle.internal.execution.caching.CachingState.fold(CachingState.java:62)
        at org.gradle.internal.execution.steps.BuildCacheStep.execute(BuildCacheStep.java:74)
        at org.gradle.internal.execution.steps.BuildCacheStep.execute(BuildCacheStep.java:49)
        at org.gradle.internal.execution.steps.StoreExecutionStateStep.executeMutable(StoreExecutionStateStep.java:46)
        at org.gradle.internal.execution.steps.StoreExecutionStateStep.executeMutable(StoreExecutionStateStep.java:35)
        at org.gradle.internal.execution.steps.MutableStep.execute(MutableStep.java:26)
        at org.gradle.internal.execution.steps.SkipUpToDateStep.executeBecause(SkipUpToDateStep.java:75)
        at org.gradle.internal.execution.steps.SkipUpToDateStep.lambda$execute$2(SkipUpToDateStep.java:53)
        at java.base/java.util.Optional.orElseGet(Optional.java:364)
        at org.gradle.internal.execution.steps.SkipUpToDateStep.execute(SkipUpToDateStep.java:53)
        at org.gradle.internal.execution.steps.SkipUpToDateStep.execute(SkipUpToDateStep.java:35)
        at org.gradle.internal.execution.steps.legacy.MarkSnapshottingInputsFinishedStep.execute(MarkSnapshottingInputsFinishedStep.java:37)
        at org.gradle.internal.execution.steps.legacy.MarkSnapshottingInputsFinishedStep.execute(MarkSnapshottingInputsFinishedStep.java:27)
        at org.gradle.internal.execution.steps.ResolveMutableCachingStateStep.executeDelegate(ResolveMutableCachingStateStep.java:70)
        at org.gradle.internal.execution.steps.ResolveMutableCachingStateStep.executeDelegate(ResolveMutableCachingStateStep.java:32)
        at org.gradle.internal.execution.steps.AbstractResolveCachingStateStep.execute(AbstractResolveCachingStateStep.java:69)
        at org.gradle.internal.execution.steps.AbstractResolveCachingStateStep.execute(AbstractResolveCachingStateStep.java:37)
        at org.gradle.internal.execution.steps.ResolveChangesStep.executeMutable(ResolveChangesStep.java:63)
        at org.gradle.internal.execution.steps.ResolveChangesStep.executeMutable(ResolveChangesStep.java:34)
        at org.gradle.internal.execution.steps.MutableStep.execute(MutableStep.java:26)
        at org.gradle.internal.execution.steps.ValidateStep$Mutable.executeDelegate(ValidateStep.java:79)
        at org.gradle.internal.execution.steps.ValidateStep$Mutable.executeDelegate(ValidateStep.java:65)
        at org.gradle.internal.execution.steps.ValidateStep.execute(ValidateStep.java:99)
        at org.gradle.internal.execution.steps.ValidateStep$Mutable.execute(ValidateStep.java:65)
        at org.gradle.internal.execution.steps.CaptureMutableStateBeforeExecutionStep.executeMutable(CaptureMutableStateBeforeExecutionStep.java:86)
        at org.gradle.internal.execution.steps.CaptureMutableStateBeforeExecutionStep.execute(CaptureMutableStateBeforeExecutionStep.java:65)
        at org.gradle.internal.execution.steps.CaptureMutableStateBeforeExecutionStep.execute(CaptureMutableStateBeforeExecutionStep.java:45)
        at org.gradle.internal.execution.steps.SkipEmptyMutableWorkStep.executeWithNonEmptySources(SkipEmptyMutableWorkStep.java:210)
        at org.gradle.internal.execution.steps.SkipEmptyMutableWorkStep.executeMutable(SkipEmptyMutableWorkStep.java:85)
        at org.gradle.internal.execution.steps.SkipEmptyMutableWorkStep.executeMutable(SkipEmptyMutableWorkStep.java:53)
        at org.gradle.internal.execution.steps.MutableStep.execute(MutableStep.java:26)
        at org.gradle.internal.execution.steps.legacy.MarkSnapshottingInputsStartedStep.execute(MarkSnapshottingInputsStartedStep.java:38)
        at org.gradle.internal.execution.steps.LoadPreviousExecutionStateStep.executeMutable(LoadPreviousExecutionStateStep.java:36)
        at org.gradle.internal.execution.steps.LoadPreviousExecutionStateStep.executeMutable(LoadPreviousExecutionStateStep.java:23)
        at org.gradle.internal.execution.steps.MutableStep.execute(MutableStep.java:26)
        at org.gradle.internal.execution.steps.HandleStaleOutputsStep.executeMutable(HandleStaleOutputsStep.java:77)
        at org.gradle.internal.execution.steps.HandleStaleOutputsStep.executeMutable(HandleStaleOutputsStep.java:43)
        at org.gradle.internal.execution.steps.MutableStep.execute(MutableStep.java:26)
        at org.gradle.internal.execution.steps.AssignMutableWorkspaceStep.lambda$executeMutable$0(AssignMutableWorkspaceStep.java:34)
        at org.gradle.api.internal.tasks.execution.TaskExecution$4.withWorkspace(TaskExecution.java:305)
        at org.gradle.internal.execution.steps.AssignMutableWorkspaceStep.executeMutable(AssignMutableWorkspaceStep.java:30)
        at org.gradle.internal.execution.steps.AssignMutableWorkspaceStep.executeMutable(AssignMutableWorkspaceStep.java:21)
        at org.gradle.internal.execution.steps.MutableStep.execute(MutableStep.java:26)
        at org.gradle.internal.execution.steps.ChoosePipelineStep.execute(ChoosePipelineStep.java:40)
        at org.gradle.internal.execution.steps.ChoosePipelineStep.execute(ChoosePipelineStep.java:23)
        at org.gradle.internal.execution.steps.ExecuteWorkBuildOperationFiringStep.lambda$execute$2(ExecuteWorkBuildOperationFiringStep.java:67)
        at java.base/java.util.Optional.orElseGet(Optional.java:364)
        at org.gradle.internal.execution.steps.ExecuteWorkBuildOperationFiringStep.execute(ExecuteWorkBuildOperationFiringStep.java:67)
        at org.gradle.internal.execution.steps.ExecuteWorkBuildOperationFiringStep.execute(ExecuteWorkBuildOperationFiringStep.java:39)
        at org.gradle.internal.execution.steps.IdentityCacheStep.execute(IdentityCacheStep.java:46)
        at org.gradle.internal.execution.steps.IdentityCacheStep.execute(IdentityCacheStep.java:34)
        at org.gradle.internal.execution.steps.IdentifyStep.execute(IdentifyStep.java:56)
        at org.gradle.internal.execution.steps.IdentifyStep.execute(IdentifyStep.java:38)
        at org.gradle.internal.execution.impl.DefaultExecutionEngine$1.execute(DefaultExecutionEngine.java:68)
        at org.gradle.api.internal.tasks.execution.ExecuteActionsTaskExecuter.executeIfValid(ExecuteActionsTaskExecuter.java:132)
        at org.gradle.api.internal.tasks.execution.ExecuteActionsTaskExecuter.execute(ExecuteActionsTaskExecuter.java:121)
        at org.gradle.api.internal.tasks.execution.ProblemsTaskPathTrackingTaskExecuter.execute(ProblemsTaskPathTrackingTaskExecuter.java:41)
        at org.gradle.api.internal.tasks.execution.ResolveTaskExecutionModeExecuter.execute(ResolveTaskExecutionModeExecuter.java:51)
        at org.gradle.api.internal.tasks.execution.FinalizePropertiesTaskExecuter.execute(FinalizePropertiesTaskExecuter.java:46)
        at org.gradle.api.internal.tasks.execution.SkipTaskWithNoActionsExecuter.execute(SkipTaskWithNoActionsExecuter.java:57)
        at org.gradle.api.internal.tasks.execution.SkipOnlyIfTaskExecuter.execute(SkipOnlyIfTaskExecuter.java:74)
        at org.gradle.api.internal.tasks.execution.CatchExceptionTaskExecuter.execute(CatchExceptionTaskExecuter.java:36)
        at org.gradle.api.internal.tasks.execution.EventFiringTaskExecuter$1.executeTask(EventFiringTaskExecuter.java:77)
        at org.gradle.api.internal.tasks.execution.EventFiringTaskExecuter$1.call(EventFiringTaskExecuter.java:55)
        at org.gradle.api.internal.tasks.execution.EventFiringTaskExecuter$1.call(EventFiringTaskExecuter.java:52)
        at org.gradle.internal.operations.DefaultBuildOperationRunner$CallableBuildOperationWorker.execute(DefaultBuildOperationRunner.java:210)
        at org.gradle.internal.operations.DefaultBuildOperationRunner$CallableBuildOperationWorker.execute(DefaultBuildOperationRunner.java:205)
        at org.gradle.internal.operations.DefaultBuildOperationRunner$2.execute(DefaultBuildOperationRunner.java:67)
        at org.gradle.internal.operations.DefaultBuildOperationRunner$2.execute(DefaultBuildOperationRunner.java:60)
        at org.gradle.internal.operations.DefaultBuildOperationRunner.execute(DefaultBuildOperationRunner.java:167)
        at org.gradle.internal.operations.DefaultBuildOperationRunner.execute(DefaultBuildOperationRunner.java:60)
        at org.gradle.internal.operations.DefaultBuildOperationRunner.call(DefaultBuildOperationRunner.java:54)
        at org.gradle.api.internal.tasks.execution.EventFiringTaskExecuter.execute(EventFiringTaskExecuter.java:52)
        at org.gradle.execution.plan.DefaultNodeExecutor.executeLocalTaskNode(DefaultNodeExecutor.java:55)
        at org.gradle.execution.plan.DefaultNodeExecutor.execute(DefaultNodeExecutor.java:34)
        at org.gradle.execution.taskgraph.DefaultTaskExecutionGraph$InvokeNodeExecutorsAction.execute(DefaultTaskExecutionGraph.java:355)
        at org.gradle.execution.taskgraph.DefaultTaskExecutionGraph$InvokeNodeExecutorsAction.execute(DefaultTaskExecutionGraph.java:343)
        at org.gradle.execution.taskgraph.DefaultTaskExecutionGraph$BuildOperationAwareExecutionAction.lambda$execute$0(DefaultTaskExecutionGraph.java:339)
        at org.gradle.internal.operations.CurrentBuildOperationRef.with(CurrentBuildOperationRef.java:84)
        at org.gradle.execution.taskgraph.DefaultTaskExecutionGraph$BuildOperationAwareExecutionAction.execute(DefaultTaskExecutionGraph.java:339)
        at org.gradle.execution.taskgraph.DefaultTaskExecutionGraph$BuildOperationAwareExecutionAction.execute(DefaultTaskExecutionGraph.java:328)
        at org.gradle.execution.plan.DefaultPlanExecutor$ExecutorWorker.execute(DefaultPlanExecutor.java:459)
        at org.gradle.execution.plan.DefaultPlanExecutor$ExecutorWorker.run(DefaultPlanExecutor.java:376)
        at org.gradle.execution.plan.DefaultPlanExecutor.process(DefaultPlanExecutor.java:111)
        at org.gradle.execution.taskgraph.DefaultTaskExecutionGraph.executeWithServices(DefaultTaskExecutionGraph.java:146)
        at org.gradle.execution.taskgraph.DefaultTaskExecutionGraph.execute(DefaultTaskExecutionGraph.java:131)
        at org.gradle.execution.SelectedTaskExecutionAction.execute(SelectedTaskExecutionAction.java:35)
        at org.gradle.execution.BuildOperationFiringBuildWorkerExecutor$ExecuteTasks.call(BuildOperationFiringBuildWorkerExecutor.java:54)
        at org.gradle.execution.BuildOperationFiringBuildWorkerExecutor$ExecuteTasks.call(BuildOperationFiringBuildWorkerExecutor.java:43)
        at org.gradle.internal.operations.DefaultBuildOperationRunner$CallableBuildOperationWorker.execute(DefaultBuildOperationRunner.java:210)
        at org.gradle.internal.operations.DefaultBuildOperationRunner$CallableBuildOperationWorker.execute(DefaultBuildOperationRunner.java:205)
        at org.gradle.internal.operations.DefaultBuildOperationRunner$2.execute(DefaultBuildOperationRunner.java:67)
        at org.gradle.internal.operations.DefaultBuildOperationRunner$2.execute(DefaultBuildOperationRunner.java:60)
        at org.gradle.internal.operations.DefaultBuildOperationRunner.execute(DefaultBuildOperationRunner.java:167)
        at org.gradle.internal.operations.DefaultBuildOperationRunner.execute(DefaultBuildOperationRunner.java:60)
        at org.gradle.internal.operations.DefaultBuildOperationRunner.call(DefaultBuildOperationRunner.java:54)
        at org.gradle.execution.BuildOperationFiringBuildWorkerExecutor.execute(BuildOperationFiringBuildWorkerExecutor.java:40)
        at org.gradle.internal.build.DefaultBuildLifecycleController.lambda$executeTasks$11(DefaultBuildLifecycleController.java:323)
        at org.gradle.internal.model.StateTransitionController.doTransition(StateTransitionController.java:304)
        at org.gradle.internal.model.StateTransitionController.lambda$tryTransition$9(StateTransitionController.java:215)
        at org.gradle.internal.work.DefaultSynchronizer.withLock(DefaultSynchronizer.java:45)
        at org.gradle.internal.model.StateTransitionController.tryTransition(StateTransitionController.java:215)
        at org.gradle.internal.build.DefaultBuildLifecycleController.executeTasks(DefaultBuildLifecycleController.java:314)
        at org.gradle.internal.build.DefaultBuildWorkGraphController$DefaultBuildWorkGraph.runWork(DefaultBuildWorkGraphController.java:220)
        at org.gradle.internal.work.DefaultWorkerLeaseService.lambda$withLocksAcquired$0(DefaultWorkerLeaseService.java:275)
        at org.gradle.internal.work.ResourceLockStatistics$1.measure(ResourceLockStatistics.java:43)
        at org.gradle.internal.work.DefaultWorkerLeaseService.withLocksAcquired(DefaultWorkerLeaseService.java:273)
        at org.gradle.internal.work.DefaultWorkerLeaseService.withLocks(DefaultWorkerLeaseService.java:265)
        at org.gradle.internal.work.DefaultWorkerLeaseService.runAsWorkerThread(DefaultWorkerLeaseService.java:128)
        at org.gradle.composite.internal.DefaultBuildController.doRun(DefaultBuildController.java:182)
        at org.gradle.composite.internal.DefaultBuildController.access$000(DefaultBuildController.java:50)
        at org.gradle.composite.internal.DefaultBuildController$BuildOpRunnable.lambda$run$0(DefaultBuildController.java:199)
        at org.gradle.internal.operations.CurrentBuildOperationRef.with(CurrentBuildOperationRef.java:84)
        at org.gradle.composite.internal.DefaultBuildController$BuildOpRunnable.run(DefaultBuildController.java:199)
        at java.base/java.util.concurrent.Executors$RunnableAdapter.call(Executors.java:572)
        at java.base/java.util.concurrent.FutureTask.run(FutureTask.java:317)
        at org.gradle.internal.concurrent.ExecutorPolicy$CatchAndRecordFailures.onExecute(ExecutorPolicy.java:64)
        at org.gradle.internal.concurrent.AbstractManagedExecutor$1.run(AbstractManagedExecutor.java:47)
        at java.base/java.util.concurrent.ThreadPoolExecutor.runWorker(ThreadPoolExecutor.java:1144)
        at java.base/java.util.concurrent.ThreadPoolExecutor$Worker.run(ThreadPoolExecutor.java:642)
        at java.base/java.lang.Thread.run(Thread.java:1583)
Caused by: com.android.ide.common.process.ProcessException: Error while executing process C:\54\Dist\Progr\Android_Tools\ndk\28.2.13676358\ndk-build.cmd with arguments {NDK_PROJECT_PATH=null APP_BUILD_SCRIPT=C:\54\Project
s\!0724 - Coating Robot\SIYI-MK15-Port-Inspector\app\src\main\jni\Android.mk NDK_APPLICATION_MK=C:\54\Projects\!0724 - Coating Robot\SIYI-MK15-Port-Inspector\app\src\main\jni\Application.mk APP_ABI=arm64-v8a NDK_ALL_ABIS=
arm64-v8a NDK_DEBUG=1 APP_PLATFORM=android-23 NDK_OUT=C:\54\Projects\!0724 - Coating Robot\SIYI-MK15-Port-Inspector\app\build\intermediates\cxx\Debug\4m5g35e4/obj NDK_LIBS_OUT=C:\54\Projects\!0724 - Coating Robot\SIYI-MK1
5-Port-Inspector\app\build\intermediates\cxx\Debug\4m5g35e4/lib APP_SHORT_COMMANDS=false LOCAL_SHORT_COMMANDS=false -B -n}
        at com.android.build.gradle.internal.process.GradleProcessResult.buildProcessException(GradleProcessResult.java:73)
        at com.android.build.gradle.internal.process.GradleProcessResult.assertNormalExitValue(GradleProcessResult.java:48)
        at com.android.build.gradle.internal.cxx.process.ExecuteProcessKt.execute(ExecuteProcess.kt:277)
        ... 185 more
Caused by: org.gradle.process.ProcessExecutionException: Process 'command 'C:\54\Dist\Progr\Android_Tools\ndk\28.2.13676358\ndk-build.cmd'' finished with non-zero exit value 2
        at org.gradle.process.internal.DefaultExecHandle$ExecResultImpl.assertNormalExitValue(DefaultExecHandle.java:459)
        at com.android.build.gradle.internal.process.GradleProcessResult.assertNormalExitValue(GradleProcessResult.java:46)
        ... 186 more

        at com.android.builder.errors.IssueReporter.reportError(IssueReporter.kt:117)
        at com.android.builder.errors.IssueReporter.reportError$default(IssueReporter.kt:113)
        at com.android.build.gradle.internal.cxx.logging.IssueReporterLoggingEnvironment.log(IssueReporterLoggingEnvironment.kt:113)
        at com.android.build.gradle.internal.cxx.logging.ThreadLoggingEnvironment$Companion.reportFormattedErrorToCurrentLogger(LoggingEnvironment.kt:230)
        at com.android.build.gradle.internal.cxx.logging.LoggingEnvironmentKt.errorln(LoggingEnvironment.kt:62)
        at com.android.build.gradle.tasks.ExternalNativeJsonGenerator.configure(ExternalNativeJsonGenerator.kt:121)
        at com.android.build.gradle.tasks.ExternalNativeBuildJsonTask.doTaskAction(ExternalNativeBuildJsonTask.kt:90)
        at com.android.build.gradle.internal.tasks.UnsafeOutputsTask$taskAction$$inlined$recordTaskAction$1.invoke(BaseTask.kt:65)
        at com.android.build.gradle.internal.tasks.Blocks.recordSpan(Blocks.java:51)
        at com.android.build.gradle.internal.tasks.UnsafeOutputsTask.taskAction(UnsafeOutputsTask.kt:63)
        at org.gradle.internal.reflect.JavaMethod.invoke(JavaMethod.java:125)
        at org.gradle.api.internal.project.taskfactory.StandardTaskAction.doExecute(StandardTaskAction.java:58)
        at org.gradle.api.internal.project.taskfactory.StandardTaskAction.execute(StandardTaskAction.java:51)
        at org.gradle.api.internal.project.taskfactory.StandardTaskAction.execute(StandardTaskAction.java:29)
        at org.gradle.api.internal.tasks.execution.TaskExecution$3.run(TaskExecution.java:259)
        at org.gradle.internal.operations.DefaultBuildOperationRunner$1.execute(DefaultBuildOperationRunner.java:30)
        at org.gradle.internal.operations.DefaultBuildOperationRunner$1.execute(DefaultBuildOperationRunner.java:27)
        at org.gradle.internal.operations.DefaultBuildOperationRunner$2.execute(DefaultBuildOperationRunner.java:67)
        at org.gradle.internal.operations.DefaultBuildOperationRunner$2.execute(DefaultBuildOperationRunner.java:60)
        at org.gradle.internal.operations.DefaultBuildOperationRunner.execute(DefaultBuildOperationRunner.java:167)
        at org.gradle.internal.operations.DefaultBuildOperationRunner.execute(DefaultBuildOperationRunner.java:60)
        at org.gradle.internal.operations.DefaultBuildOperationRunner.run(DefaultBuildOperationRunner.java:48)
        at org.gradle.api.internal.tasks.execution.TaskExecution.executeAction(TaskExecution.java:244)
        at org.gradle.api.internal.tasks.execution.TaskExecution.executeActions(TaskExecution.java:227)
        at org.gradle.api.internal.tasks.execution.TaskExecution.executeWithPreviousOutputFiles(TaskExecution.java:210)
        at org.gradle.api.internal.tasks.execution.TaskExecution.execute(TaskExecution.java:176)
        at org.gradle.internal.execution.steps.ExecuteStep.executeInternal(ExecuteStep.java:167)
        at org.gradle.internal.execution.steps.ExecuteStep.access$000(ExecuteStep.java:47)
        at org.gradle.internal.execution.steps.ExecuteStep$1.call(ExecuteStep.java:137)
        at org.gradle.internal.execution.steps.ExecuteStep$1.call(ExecuteStep.java:134)
        at org.gradle.internal.operations.DefaultBuildOperationRunner$CallableBuildOperationWorker.execute(DefaultBuildOperationRunner.java:210)
        at org.gradle.internal.operations.DefaultBuildOperationRunner$CallableBuildOperationWorker.execute(DefaultBuildOperationRunner.java:205)
        at org.gradle.internal.operations.DefaultBuildOperationRunner$2.execute(DefaultBuildOperationRunner.java:67)
        at org.gradle.internal.operations.DefaultBuildOperationRunner$2.execute(DefaultBuildOperationRunner.java:60)
        at org.gradle.internal.operations.DefaultBuildOperationRunner.execute(DefaultBuildOperationRunner.java:167)
        at org.gradle.internal.operations.DefaultBuildOperationRunner.execute(DefaultBuildOperationRunner.java:60)
        at org.gradle.internal.operations.DefaultBuildOperationRunner.call(DefaultBuildOperationRunner.java:54)
        at org.gradle.internal.execution.steps.ExecuteStep.execute(ExecuteStep.java:134)
        at org.gradle.internal.execution.steps.ExecuteStep$Mutable.execute(ExecuteStep.java:80)
        at org.gradle.internal.execution.steps.CancelExecutionStep.execute(CancelExecutionStep.java:42)
        at org.gradle.internal.execution.steps.TimeoutStep.executeWithoutTimeout(TimeoutStep.java:75)
        at org.gradle.internal.execution.steps.TimeoutStep.execute(TimeoutStep.java:55)
        at org.gradle.internal.execution.steps.PreCreateOutputParentsStep.execute(PreCreateOutputParentsStep.java:51)
        at org.gradle.internal.execution.steps.PreCreateOutputParentsStep.execute(PreCreateOutputParentsStep.java:29)
        at org.gradle.internal.execution.steps.RemovePreviousOutputsStep.executeMutable(RemovePreviousOutputsStep.java:67)
        at org.gradle.internal.execution.steps.RemovePreviousOutputsStep.executeMutable(RemovePreviousOutputsStep.java:39)
        at org.gradle.internal.execution.steps.MutableStep.execute(MutableStep.java:26)
        at org.gradle.internal.execution.steps.BroadcastChangingOutputsStep.execute(BroadcastChangingOutputsStep.java:42)
        at org.gradle.internal.execution.steps.BroadcastChangingOutputsStep.execute(BroadcastChangingOutputsStep.java:24)
        at org.gradle.internal.execution.steps.CaptureOutputsAfterExecutionStep.execute(CaptureOutputsAfterExecutionStep.java:69)
        at org.gradle.internal.execution.steps.CaptureOutputsAfterExecutionStep.execute(CaptureOutputsAfterExecutionStep.java:46)
        at org.gradle.internal.execution.steps.ResolveInputChangesStep.executeMutable(ResolveInputChangesStep.java:39)
        at org.gradle.internal.execution.steps.ResolveInputChangesStep.executeMutable(ResolveInputChangesStep.java:28)
        at org.gradle.internal.execution.steps.MutableStep.execute(MutableStep.java:26)
        at org.gradle.internal.execution.steps.BuildCacheStep.executeWithoutCache(BuildCacheStep.java:189)
        at org.gradle.internal.execution.steps.BuildCacheStep.lambda$execute$1(BuildCacheStep.java:76)
        at org.gradle.internal.Either$Right.fold(Either.java:176)
        at org.gradle.internal.execution.caching.CachingState.fold(CachingState.java:62)
        at org.gradle.internal.execution.steps.BuildCacheStep.execute(BuildCacheStep.java:74)
        at org.gradle.internal.execution.steps.BuildCacheStep.execute(BuildCacheStep.java:49)
        at org.gradle.internal.execution.steps.StoreExecutionStateStep.executeMutable(StoreExecutionStateStep.java:46)
        at org.gradle.internal.execution.steps.StoreExecutionStateStep.executeMutable(StoreExecutionStateStep.java:35)
        at org.gradle.internal.execution.steps.MutableStep.execute(MutableStep.java:26)
        at org.gradle.internal.execution.steps.SkipUpToDateStep.executeBecause(SkipUpToDateStep.java:75)
        at org.gradle.internal.execution.steps.SkipUpToDateStep.lambda$execute$2(SkipUpToDateStep.java:53)
        at org.gradle.internal.execution.steps.SkipUpToDateStep.execute(SkipUpToDateStep.java:53)
        at org.gradle.internal.execution.steps.SkipUpToDateStep.execute(SkipUpToDateStep.java:35)
        at org.gradle.internal.execution.steps.legacy.MarkSnapshottingInputsFinishedStep.execute(MarkSnapshottingInputsFinishedStep.java:37)
        at org.gradle.internal.execution.steps.legacy.MarkSnapshottingInputsFinishedStep.execute(MarkSnapshottingInputsFinishedStep.java:27)
        at org.gradle.internal.execution.steps.ResolveMutableCachingStateStep.executeDelegate(ResolveMutableCachingStateStep.java:70)
        at org.gradle.internal.execution.steps.ResolveMutableCachingStateStep.executeDelegate(ResolveMutableCachingStateStep.java:32)
        at org.gradle.internal.execution.steps.AbstractResolveCachingStateStep.execute(AbstractResolveCachingStateStep.java:69)
        at org.gradle.internal.execution.steps.AbstractResolveCachingStateStep.execute(AbstractResolveCachingStateStep.java:37)
        at org.gradle.internal.execution.steps.ResolveChangesStep.executeMutable(ResolveChangesStep.java:63)
        at org.gradle.internal.execution.steps.ResolveChangesStep.executeMutable(ResolveChangesStep.java:34)
        at org.gradle.internal.execution.steps.MutableStep.execute(MutableStep.java:26)
        at org.gradle.internal.execution.steps.ValidateStep$Mutable.executeDelegate(ValidateStep.java:79)
        at org.gradle.internal.execution.steps.ValidateStep$Mutable.executeDelegate(ValidateStep.java:65)
        at org.gradle.internal.execution.steps.ValidateStep.execute(ValidateStep.java:99)
        at org.gradle.internal.execution.steps.ValidateStep$Mutable.execute(ValidateStep.java:65)
        at org.gradle.internal.execution.steps.CaptureMutableStateBeforeExecutionStep.executeMutable(CaptureMutableStateBeforeExecutionStep.java:86)
        at org.gradle.internal.execution.steps.CaptureMutableStateBeforeExecutionStep.execute(CaptureMutableStateBeforeExecutionStep.java:65)
        at org.gradle.internal.execution.steps.CaptureMutableStateBeforeExecutionStep.execute(CaptureMutableStateBeforeExecutionStep.java:45)
        at org.gradle.internal.execution.steps.SkipEmptyMutableWorkStep.executeWithNonEmptySources(SkipEmptyMutableWorkStep.java:210)
        at org.gradle.internal.execution.steps.SkipEmptyMutableWorkStep.executeMutable(SkipEmptyMutableWorkStep.java:85)
        at org.gradle.internal.execution.steps.SkipEmptyMutableWorkStep.executeMutable(SkipEmptyMutableWorkStep.java:53)
        at org.gradle.internal.execution.steps.MutableStep.execute(MutableStep.java:26)
        at org.gradle.internal.execution.steps.legacy.MarkSnapshottingInputsStartedStep.execute(MarkSnapshottingInputsStartedStep.java:38)
        at org.gradle.internal.execution.steps.LoadPreviousExecutionStateStep.executeMutable(LoadPreviousExecutionStateStep.java:36)
        at org.gradle.internal.execution.steps.LoadPreviousExecutionStateStep.executeMutable(LoadPreviousExecutionStateStep.java:23)
        at org.gradle.internal.execution.steps.MutableStep.execute(MutableStep.java:26)
        at org.gradle.internal.execution.steps.HandleStaleOutputsStep.executeMutable(HandleStaleOutputsStep.java:77)
        at org.gradle.internal.execution.steps.HandleStaleOutputsStep.executeMutable(HandleStaleOutputsStep.java:43)
        at org.gradle.internal.execution.steps.MutableStep.execute(MutableStep.java:26)
        at org.gradle.internal.execution.steps.AssignMutableWorkspaceStep.lambda$executeMutable$0(AssignMutableWorkspaceStep.java:34)
        at org.gradle.api.internal.tasks.execution.TaskExecution$4.withWorkspace(TaskExecution.java:305)
        at org.gradle.internal.execution.steps.AssignMutableWorkspaceStep.executeMutable(AssignMutableWorkspaceStep.java:30)
        at org.gradle.internal.execution.steps.AssignMutableWorkspaceStep.executeMutable(AssignMutableWorkspaceStep.java:21)
        at org.gradle.internal.execution.steps.MutableStep.execute(MutableStep.java:26)
        at org.gradle.internal.execution.steps.ChoosePipelineStep.execute(ChoosePipelineStep.java:40)
        at org.gradle.internal.execution.steps.ChoosePipelineStep.execute(ChoosePipelineStep.java:23)
        at org.gradle.internal.execution.steps.ExecuteWorkBuildOperationFiringStep.lambda$execute$2(ExecuteWorkBuildOperationFiringStep.java:67)
        at org.gradle.internal.execution.steps.ExecuteWorkBuildOperationFiringStep.execute(ExecuteWorkBuildOperationFiringStep.java:67)
        at org.gradle.internal.execution.steps.ExecuteWorkBuildOperationFiringStep.execute(ExecuteWorkBuildOperationFiringStep.java:39)
        at org.gradle.internal.execution.steps.IdentityCacheStep.execute(IdentityCacheStep.java:46)
        at org.gradle.internal.execution.steps.IdentityCacheStep.execute(IdentityCacheStep.java:34)
        at org.gradle.internal.execution.steps.IdentifyStep.execute(IdentifyStep.java:56)
        at org.gradle.internal.execution.steps.IdentifyStep.execute(IdentifyStep.java:38)
        at org.gradle.internal.execution.impl.DefaultExecutionEngine$1.execute(DefaultExecutionEngine.java:68)
        at org.gradle.api.internal.tasks.execution.ExecuteActionsTaskExecuter.executeIfValid(ExecuteActionsTaskExecuter.java:132)
        ... 61 more


Deprecated Gradle features were used in this build, making it incompatible with Gradle 10.

You can use '--warning-mode all' to show the individual deprecation warnings and determine if they come from your own scripts or plugins.

For more on this, please refer to https://docs.gradle.org/9.4.1/userguide/command_line_interface.html#sec:command_line_warnings in the Gradle documentation.

BUILD FAILED in 45s
24 actionable tasks: 6 executed, 18 up-to-date

ERROR: Gradle returned exit code 1
PS>TerminatingError(): "Gradle returned exit code 1"
PS>TerminatingError(): "Gradle returned exit code 1"

BUILD FAILED: Gradle returned exit code 1
at Fail, C:\54\Projects\!0724 - Coating Robot\SIYI-MK15-Port-Inspector\tools\build_windows.ps1: line 21
at <ScriptBlock>, C:\54\Projects\!0724 - Coating Robot\SIYI-MK15-Port-Inspector\tools\build_windows.ps1: line 193
at <ScriptBlock>, C:\54\Projects\!0724 - Coating Robot\SIYI-MK15-Port-Inspector\tools\run_build.ps1: line 41
**********************
Windows PowerShell transcript end
End time: 20260924050909
**********************
